// Jest Snapshot v1, https://goo.gl/fbAQLP

exports[`AreasContainer should match the snapshot with all data passed in correctly 1`] = `
<div
  className="area-container"
>
  <AreaCard
    description="test description"
    id={5}
    key="5"
    longname="test longname"
    nickname="test nickname"
  />
</div>
`;
